// Jest Snapshot v1, https://goo.gl/fbAQLP

exports[`CardList comp test 1`] = `
<div>
  <Card
    email="test@gmail.com"
    id={1}
    key="0"
    name="test mock"
  />
</div>
`;
